{
  "buckets": {
    "publiclogs": [
      {
        "environment": [
          "dev",
          "development",
          "sandbox",
          "devmanaged"
        ],
        "name": "kodingdev-publiclogs",
        "region": "us-east-1"
      }
    ]
  },
  "endpoints": {
    "ip": [
      {
        "environment": [
          "production",
          "managed"
        ],
        "url": "https://p.koding.com/-/ip"
      },
      {
        "environment": [
          "default",
          "dev",
          "development",
          "sandbox",
          "devmanaged"
        ],
        "url": "https://dev-p2.koding.com/-/ip"
      }
    ],
    "ipcheck": [
      {
        "environment": [
          "production",
          "managed"
        ],
        "url": "https://p.koding.com/-/ipcheck"
      },
      {
        "environment": [
          "default",
          "dev",
          "development",
          "sandbox",
          "devmanaged"
        ],
        "url": "https://dev-p2.koding.com/-/ipcheck"
      }
    ],
    "kd-latest": [
      {
        "environment": [
          "production",
          "managed"
        ],
        "url": "https://koding-kd.s3.amazonaws.com/production/latest-version.txt"
      },
      {
        "environment": [
          "default",
          "dev",
          "development",
          "sandbox",
          "devmanaged"
        ],
        "url": "https://koding-kd.s3.amazonaws.com/development/latest-version.txt"
      }
    ],
    "klient-latest": [
      {
        "environment": [
          "default",
          "dev",
          "development",
          "sandbox"
        ],
        "url": "https://koding-klient.s3.amazonaws.com/development/latest-version.txt"
      },
      {
        "environment": [
          "production"
        ],
        "url": "https://koding-klient.s3.amazonaws.com/production/latest-version.txt"
      },
      {
        "environment": [
          "managed"
        ],
        "url": "https://koding-klient.s3.amazonaws.com/managed/latest-version.txt"
      },
      {
        "environment": [
          "devmanaged"
        ],
        "url": "https://koding-klient.s3.amazonaws.com/devmanaged/latest-version.txt"
      }
    ],
    "kloud": [
      {
        "environment": [
          "dev",
          "development",
          "sandbox",
          "devmanaged"
        ],
        "url": "http://94.254.191.51:8090/kloud/kite"
      }
    ],
    "kontrol": [
      {
        "environment": [
          "dev",
          "development",
          "sandbox",
          "devmanaged"
        ],
        "url": "https://sandbox.koding.com/kontrol/kite"
      }
    ],
    "tunnelserver": [
      {
        "environment": [
          "dev",
          "development",
          "sandbox",
          "devmanaged"
        ],
        "url": "http:/dev-t.koding.com/kite"
      }
    ]
  },
  "routes": {
    "dev.koding.com": "127.0.0.1"
  }
}